2026-09-15 14:53:58,638 INFO =======================================================
2026-09-15 14:53:58,638 INFO AGENTE DE EMPLEO — 15/09/2026 — 20260915_145358
2026-09-15 14:53:58,638 INFO =======================================================
2026-09-15 14:53:58,653 INFO   [Data] @ Comunidad de Madrid, España
2026-09-15 14:53:59,183 INFO     +0 nuevos, 10 filtrados fuera de España (total: 0)
2026-09-15 14:54:02,183 INFO   [AI] @ Comunidad de Madrid, España
2026-09-15 14:54:02,569 INFO     +0 nuevos, 10 filtrados fuera de España (total: 0)
2026-09-15 14:54:05,570 INFO   [Cloud] @ Comunidad de Madrid, España
2026-09-15 14:54:06,134 INFO     +0 nuevos, 10 filtrados fuera de España (total: 0)
2026-09-15 14:54:09,135 INFO   [Analytics] @ Comunidad de Madrid, España
2026-09-15 14:54:09,529 INFO     +0 nuevos, 10 filtrados fuera de España (total: 0)
2026-09-15 14:54:12,529 INFO   [Head] @ Comunidad de Madrid, España
2026-09-15 14:54:12,924 INFO     +0 nuevos, 10 filtrados fuera de España (total: 0)
2026-09-15 14:54:15,924 INFO   [Lead] @ Comunidad de Madrid, España
2026-09-15 14:54:16,508 INFO     +0 nuevos, 10 filtrados fuera de España (total: 0)
2026-09-15 14:54:19,508 INFO   [Director] @ Comunidad de Madrid, España
2026-09-15 14:54:19,874 INFO     +0 nuevos, 10 filtrados fuera de España (total: 0)
2026-09-15 14:54:22,874 INFO   [Manager] @ Comunidad de Madrid, España
2026-09-15 14:54:23,286 INFO     +0 nuevos, 10 filtrados fuera de España (total: 0)
2026-09-15 14:54:26,286 INFO   [Architect] @ Comunidad de Madrid, España
2026-09-15 14:54:26,621 INFO     +0 nuevos, 10 filtrados fuera de España (total: 0)
2026-09-15 14:54:29,621 INFO   [Product] @ Comunidad de Madrid, España
2026-09-15 14:54:30,015 INFO     +0 nuevos, 10 filtrados fuera de España (total: 0)
2026-09-15 14:54:33,015 INFO   [Governance] @ Comunidad de Madrid, España
2026-09-15 14:54:33,475 INFO     +0 nuevos, 10 filtrados fuera de España (total: 0)
2026-09-15 14:54:36,475 INFO   [Platform] @ Comunidad de Madrid, España
2026-09-15 14:54:36,892 INFO     +0 nuevos, 10 filtrados fuera de España (total: 0)
2026-09-15 14:54:39,892 INFO   [Delivery] @ Comunidad de Madrid, España
2026-09-15 14:54:40,287 INFO     +0 nuevos, 10 filtrados fuera de España (total: 0)
2026-09-15 14:54:43,287 INFO   [Innovation] @ Comunidad de Madrid, España
2026-09-15 14:54:43,949 INFO     +0 nuevos, 10 filtrados fuera de España (total: 0)
2026-09-15 14:54:46,949 INFO   [Transformation] @ Comunidad de Madrid, España
2026-09-15 14:54:47,313 INFO     +0 nuevos, 10 filtrados fuera de España (total: 0)
2026-09-15 14:54:50,314 INFO Total IDs únicos scrapeados: 0
2026-09-15 14:54:50,315 INFO Log scraping: scraping_20260915_145358.json
2026-09-15 14:54:50,315 INFO Nuevos: 0 de 0 scrapeados
2026-09-15 14:54:50,316 INFO Sin nuevas ofertas hoy.
