2026-04-03 08:36:08,425 INFO =======================================================
2026-04-03 08:36:08,425 INFO AGENTE DE EMPLEO — 03/04/2026 — 20260403_083608
2026-04-03 08:36:08,425 INFO =======================================================
2026-04-03 08:36:08,449 INFO   [Data] @ Comunidad de Madrid, España
2026-04-03 08:36:08,915 INFO     +0 nuevos, 10 filtrados fuera de España (total: 0)
2026-04-03 08:36:11,915 INFO   [AI] @ Comunidad de Madrid, España
2026-04-03 08:36:12,274 INFO     +0 nuevos, 10 filtrados fuera de España (total: 0)
2026-04-03 08:36:15,274 INFO   [Cloud] @ Comunidad de Madrid, España
2026-04-03 08:36:15,696 INFO     +0 nuevos, 10 filtrados fuera de España (total: 0)
2026-04-03 08:36:18,697 INFO   [Analytics] @ Comunidad de Madrid, España
2026-04-03 08:36:19,090 INFO     +0 nuevos, 10 filtrados fuera de España (total: 0)
2026-04-03 08:36:22,090 INFO   [Head] @ Comunidad de Madrid, España
2026-04-03 08:36:22,427 INFO     +0 nuevos, 10 filtrados fuera de España (total: 0)
2026-04-03 08:36:25,427 INFO   [Lead] @ Comunidad de Madrid, España
2026-04-03 08:36:25,830 INFO     +0 nuevos, 10 filtrados fuera de España (total: 0)
2026-04-03 08:36:28,830 INFO   [Director] @ Comunidad de Madrid, España
2026-04-03 08:36:29,221 INFO     +0 nuevos, 10 filtrados fuera de España (total: 0)
2026-04-03 08:36:32,222 INFO   [Manager] @ Comunidad de Madrid, España
2026-04-03 08:36:32,565 INFO     +0 nuevos, 10 filtrados fuera de España (total: 0)
2026-04-03 08:36:35,565 INFO   [Architect] @ Comunidad de Madrid, España
2026-04-03 08:36:35,793 INFO     +0 nuevos, 0 filtrados fuera de España (total: 0)
2026-04-03 08:36:38,793 INFO   [Product] @ Comunidad de Madrid, España
2026-04-03 08:36:39,171 INFO     +0 nuevos, 10 filtrados fuera de España (total: 0)
2026-04-03 08:36:42,172 INFO   [Governance] @ Comunidad de Madrid, España
2026-04-03 08:36:42,529 INFO     +0 nuevos, 10 filtrados fuera de España (total: 0)
2026-04-03 08:36:45,529 INFO   [Platform] @ Comunidad de Madrid, España
2026-04-03 08:36:45,907 INFO     +0 nuevos, 10 filtrados fuera de España (total: 0)
2026-04-03 08:36:48,907 INFO   [Delivery] @ Comunidad de Madrid, España
2026-04-03 08:36:49,271 INFO     +0 nuevos, 10 filtrados fuera de España (total: 0)
2026-04-03 08:36:52,271 INFO   [Innovation] @ Comunidad de Madrid, España
2026-04-03 08:36:52,631 INFO     +0 nuevos, 10 filtrados fuera de España (total: 0)
2026-04-03 08:36:55,631 INFO   [Transformation] @ Comunidad de Madrid, España
2026-04-03 08:36:56,009 INFO     +0 nuevos, 10 filtrados fuera de España (total: 0)
2026-04-03 08:36:59,009 INFO Total IDs únicos scrapeados: 0
2026-04-03 08:36:59,011 INFO Log scraping: scraping_20260403_083608.json
2026-04-03 08:36:59,011 INFO Nuevos: 0 de 0 scrapeados
2026-04-03 08:36:59,011 INFO Sin nuevas ofertas hoy.
