2026-04-19 08:38:53,409 INFO =======================================================
2026-04-19 08:38:53,409 INFO AGENTE DE EMPLEO — 19/04/2026 — 20260419_083853
2026-04-19 08:38:53,409 INFO =======================================================
2026-04-19 08:38:53,439 INFO   [Data] @ Comunidad de Madrid, España
2026-04-19 08:38:53,861 INFO     +0 nuevos, 10 filtrados fuera de España (total: 0)
2026-04-19 08:38:56,862 INFO   [AI] @ Comunidad de Madrid, España
2026-04-19 08:38:57,241 INFO     +0 nuevos, 10 filtrados fuera de España (total: 0)
2026-04-19 08:39:00,241 INFO   [Cloud] @ Comunidad de Madrid, España
2026-04-19 08:39:00,640 INFO     +0 nuevos, 6 filtrados fuera de España (total: 0)
2026-04-19 08:39:03,640 INFO   [Analytics] @ Comunidad de Madrid, España
2026-04-19 08:39:03,965 INFO     +0 nuevos, 4 filtrados fuera de España (total: 0)
2026-04-19 08:39:06,965 INFO   [Head] @ Comunidad de Madrid, España
2026-04-19 08:39:07,408 INFO     +0 nuevos, 10 filtrados fuera de España (total: 0)
2026-04-19 08:39:10,409 INFO   [Lead] @ Comunidad de Madrid, España
2026-04-19 08:39:10,778 INFO     +0 nuevos, 10 filtrados fuera de España (total: 0)
2026-04-19 08:39:13,778 INFO   [Director] @ Comunidad de Madrid, España
2026-04-19 08:39:14,257 INFO     +0 nuevos, 10 filtrados fuera de España (total: 0)
2026-04-19 08:39:17,257 INFO   [Manager] @ Comunidad de Madrid, España
2026-04-19 08:39:17,623 INFO     +0 nuevos, 10 filtrados fuera de España (total: 0)
2026-04-19 08:39:20,624 INFO   [Architect] @ Comunidad de Madrid, España
2026-04-19 08:39:20,961 INFO     +0 nuevos, 1 filtrados fuera de España (total: 0)
2026-04-19 08:39:23,962 INFO   [Product] @ Comunidad de Madrid, España
2026-04-19 08:39:24,378 INFO     +0 nuevos, 10 filtrados fuera de España (total: 0)
2026-04-19 08:39:27,378 INFO   [Governance] @ Comunidad de Madrid, España
2026-04-19 08:39:27,706 INFO     +0 nuevos, 8 filtrados fuera de España (total: 0)
2026-04-19 08:39:30,706 INFO   [Platform] @ Comunidad de Madrid, España
2026-04-19 08:39:31,133 INFO     +0 nuevos, 10 filtrados fuera de España (total: 0)
2026-04-19 08:39:34,133 INFO   [Delivery] @ Comunidad de Madrid, España
2026-04-19 08:39:34,497 INFO     +0 nuevos, 10 filtrados fuera de España (total: 0)
2026-04-19 08:39:37,497 INFO   [Innovation] @ Comunidad de Madrid, España
2026-04-19 08:39:37,831 INFO     +0 nuevos, 10 filtrados fuera de España (total: 0)
2026-04-19 08:39:40,832 INFO   [Transformation] @ Comunidad de Madrid, España
2026-04-19 08:39:41,215 INFO     +0 nuevos, 8 filtrados fuera de España (total: 0)
2026-04-19 08:39:44,215 INFO Total IDs únicos scrapeados: 0
2026-04-19 08:39:44,217 INFO Log scraping: scraping_20260419_083853.json
2026-04-19 08:39:44,217 INFO Nuevos: 0 de 0 scrapeados
2026-04-19 08:39:44,217 INFO Sin nuevas ofertas hoy.
