2026-04-20 11:06:49,255 INFO =======================================================
2026-04-20 11:06:49,255 INFO AGENTE DE EMPLEO — 20/04/2026 — 20260420_110649
2026-04-20 11:06:49,255 INFO =======================================================
2026-04-20 11:06:49,272 INFO   [Data] @ Comunidad de Madrid, España
2026-04-20 11:06:49,691 INFO     +0 nuevos, 10 filtrados fuera de España (total: 0)
2026-04-20 11:06:52,691 INFO   [AI] @ Comunidad de Madrid, España
2026-04-20 11:06:53,054 INFO     +0 nuevos, 10 filtrados fuera de España (total: 0)
2026-04-20 11:06:56,054 INFO   [Cloud] @ Comunidad de Madrid, España
2026-04-20 11:06:56,468 INFO     +0 nuevos, 9 filtrados fuera de España (total: 0)
2026-04-20 11:06:59,468 INFO   [Analytics] @ Comunidad de Madrid, España
2026-04-20 11:06:59,856 INFO     +0 nuevos, 8 filtrados fuera de España (total: 0)
2026-04-20 11:07:02,856 INFO   [Head] @ Comunidad de Madrid, España
2026-04-20 11:07:03,244 INFO     +0 nuevos, 10 filtrados fuera de España (total: 0)
2026-04-20 11:07:06,245 INFO   [Lead] @ Comunidad de Madrid, España
2026-04-20 11:07:06,617 INFO     +0 nuevos, 10 filtrados fuera de España (total: 0)
2026-04-20 11:07:09,617 INFO   [Director] @ Comunidad de Madrid, España
2026-04-20 11:07:10,012 INFO     +0 nuevos, 10 filtrados fuera de España (total: 0)
2026-04-20 11:07:13,012 INFO   [Manager] @ Comunidad de Madrid, España
2026-04-20 11:07:13,397 INFO     +0 nuevos, 10 filtrados fuera de España (total: 0)
2026-04-20 11:07:16,397 INFO   [Architect] @ Comunidad de Madrid, España
2026-04-20 11:07:16,718 INFO     +0 nuevos, 3 filtrados fuera de España (total: 0)
2026-04-20 11:07:19,718 INFO   [Product] @ Comunidad de Madrid, España
2026-04-20 11:07:20,117 INFO     +0 nuevos, 10 filtrados fuera de España (total: 0)
2026-04-20 11:07:23,117 INFO   [Governance] @ Comunidad de Madrid, España
2026-04-20 11:07:23,524 INFO     +0 nuevos, 10 filtrados fuera de España (total: 0)
2026-04-20 11:07:26,525 INFO   [Platform] @ Comunidad de Madrid, España
2026-04-20 11:07:26,925 INFO     +0 nuevos, 10 filtrados fuera de España (total: 0)
2026-04-20 11:07:29,925 INFO   [Delivery] @ Comunidad de Madrid, España
2026-04-20 11:07:30,328 INFO     +0 nuevos, 10 filtrados fuera de España (total: 0)
2026-04-20 11:07:33,328 INFO   [Innovation] @ Comunidad de Madrid, España
2026-04-20 11:07:33,748 INFO     +0 nuevos, 10 filtrados fuera de España (total: 0)
2026-04-20 11:07:36,749 INFO   [Transformation] @ Comunidad de Madrid, España
2026-04-20 11:07:37,140 INFO     +0 nuevos, 9 filtrados fuera de España (total: 0)
2026-04-20 11:07:40,140 INFO Total IDs únicos scrapeados: 0
2026-04-20 11:07:40,142 INFO Log scraping: scraping_20260420_110649.json
2026-04-20 11:07:40,142 INFO Nuevos: 0 de 0 scrapeados
2026-04-20 11:07:40,142 INFO Sin nuevas ofertas hoy.
